../Core/Src/main.c:47:5:__io_putchar	16	static
../Core/Src/main.c:57:5:main	16	static
../Core/Src/main.c:126:6:sendSignal	16	static
../Core/Src/main.c:142:7:hallEffectSensor	8	static
../Core/Src/main.c:153:6:flashLed	24	static
../Core/Src/main.c:173:6:buzzerLedBar	24	static
../Core/Src/main.c:194:6:ledBar	16	static
../Core/Src/main.c:237:6:turnLed	16	static
../Core/Src/main.c:253:6:counter	16	static
../Core/Src/main.c:289:6:gradientLedBar	24	static
../Core/Src/main.c:325:7:password	40	static
../Core/Src/main.c:381:7:unlimitedPassword	32	static
../Core/Src/main.c:437:6:SystemClock_Config	88	static
../Core/Src/main.c:484:13:MX_USART2_UART_Init	8	static
../Core/Src/main.c:517:13:MX_GPIO_Init	48	static
../Core/Src/main.c:623:6:Error_Handler	4	static,ignoring_inline_asm
