../Core/Src/main.c:42:5:__io_putchar	16	static
../Core/Src/main.c:52:5:main	16	static
../Core/Src/main.c:86:6:ledBar	16	static
../Core/Src/main.c:129:6:turnLed	16	static
../Core/Src/main.c:143:6:counter	16	static
../Core/Src/main.c:178:6:spamClick	16	static
../Core/Src/main.c:206:7:password	40	static
../Core/Src/main.c:261:6:SystemClock_Config	88	static
../Core/Src/main.c:308:13:MX_USART2_UART_Init	8	static
../Core/Src/main.c:341:13:MX_GPIO_Init	48	static
../Core/Src/main.c:431:6:Error_Handler	4	static,ignoring_inline_asm
