21:50:17 **** Incremental Build of configuration Debug for project LED Test ****
make -j8 all 
arm-none-eabi-gcc "../Core/Src/main.c" -mcpu=cortex-m4 -std=gnu11 -g3 -DDEBUG -DUSE_HAL_DRIVER -DSTM32F401xE -c -I../Core/Inc -I../Drivers/STM32F4xx_HAL_Driver/Inc -I../Drivers/STM32F4xx_HAL_Driver/Inc/Legacy -I../Drivers/CMSIS/Device/ST/STM32F4xx/Include -I../Drivers/CMSIS/Include -O0 -ffunction-sections -fdata-sections -Wall -fstack-usage -fcyclomatic-complexity -MMD -MP -MF"Core/Src/main.d" -MT"Core/Src/main.o" --specs=nano.specs -mfpu=fpv4-sp-d16 -mfloat-abi=hard -mthumb -o "Core/Src/main.o"
../Core/Src/main.c: In function 'main':
../Core/Src/main.c:104:8: warning: unused variable 'msg' [-Wunused-variable]
  104 |   char msg[20];
      |        ^~~
../Core/Src/main.c:103:12: warning: unused variable 'ADC_Value' [-Wunused-variable]
  103 |   uint16_t ADC_Value;
      |            ^~~~~~~~~
arm-none-eabi-g++ -o "LED Test.elf" @"objects.list"   -mcpu=cortex-m4 -T"C:\Users\Robin\STM32CubeIDE\workspace_1.16.0\LED Test\STM32F401RETX_FLASH.ld" --specs=nosys.specs -Wl,-Map="LED Test.map" -Wl,--gc-sections -static --specs=nano.specs -mfpu=fpv4-sp-d16 -mfloat-abi=hard -mthumb -Wl,--start-group -lc -lm -lstdc++ -lsupc++ -Wl,--end-group
Finished building target: LED Test.elf
 
arm-none-eabi-size  LED\ Test.elf 
arm-none-eabi-objdump -h -S LED\ Test.elf  > "LED Test.list"
   text	   data	    bss	    dec	    hex	filename
  12368	    104	   2048	  14520	   38b8	LED Test.elf
Finished building: default.size.stdout
 
Finished building: LED Test.list
 

21:50:19 Build Finished. 0 errors, 2 warnings. (took 1s.620ms)

